keymaps 0-4
#
keycode 14 = Delete
                shift           keycode 14 = Remove
                altgr           keycode 14 = Escape
                shift   altgr   keycode 14 = F12
keycode 16 = U+0439
                shift           keycode 16 = U+0419
                altgr           keycode 16 = one
                shift   altgr   keycode 16 = F1
keycode 17 = U+0446
                shift           keycode 17 = U+0426
                altgr           keycode 17 = two
                shift   altgr   keycode 17 = F2
keycode 18 = U+0443
                shift           keycode 18 = U+0423
                altgr           keycode 18 = three
                shift   altgr   keycode 18 = F3
keycode 19 = U+043A
                shift           keycode 19 = U+041A
                altgr           keycode 19 = four
                shift   altgr   keycode 19 = F4
keycode 20 = U+0435
                shift           keycode 20 = U+0415
                altgr           keycode 20 = five
                shift   altgr   keycode 20 = F5
keycode 21 = U+043D
                shift           keycode 21 = U+041D
                altgr           keycode 21 = six
                shift   altgr   keycode 21 = F6
keycode 22 = U+0433
                shift           keycode 22 = U+0413
                altgr           keycode 22 = seven
                shift   altgr   keycode 22 = F7
keycode 23 = U+0448
                shift           keycode 23 = U+0428
                altgr           keycode 23 = eight
                shift   altgr   keycode 23 = F8
keycode 24 = U+0449
                shift           keycode 24 = U+0429
                altgr           keycode 24 = nine
                shift   altgr   keycode 24 = F9
keycode 25 = U+0437
                shift           keycode 25 = U+0417
                altgr           keycode 25 = zero
                shift   altgr   keycode 25 = F10
keycode 28 = Return
                altgr           keycode 28 = Tab
keycode 29 = Control
                altgr           keycode 29 = Compose
keycode 30 = U+0444
                shift           keycode 30 = U+0424
                altgr           keycode 30 = asterisk
keycode 31 = U+044B
                shift           keycode 31 = U+042B
                altgr           keycode 31 = plus
keycode 32 = U+0432
                shift           keycode 32 = U+0412
                altgr           keycode 32 = numbersign
keycode 33 = U+0430
                shift           keycode 33 = U+0410
                altgr           keycode 33 = minus
                shift   altgr   keycode 33 = asciitilde
keycode 34 = U+043F
                shift           keycode 34 = U+041F
                altgr           keycode 34 = underscore
keycode 35 = U+0440
                shift           keycode 35 = U+0420
                altgr           keycode 35 = exclam
keycode 36 = U+043E
                shift           keycode 36 = U+041E
                altgr           keycode 36 = question
keycode 37 = U+043B
                shift           keycode 37 = U+041B
                altgr           keycode 37 = semicolon
keycode 38 = U+0434
                shift           keycode 38 = U+0414
                altgr           keycode 38 = colon
                shift   altgr   keycode 38 = bar
keycode 42 = Shift
keycode 44 = U+044F
                shift           keycode 44 = U+042F
                altgr           keycode 44 = dollar
keycode 45 = U+0447
                shift           keycode 45 = U+0427
                altgr           keycode 45 = euro
keycode 46 = U+0441
                shift           keycode 46 = U+0421
                altgr           keycode 46 = slash
                shift   altgr   keycode 46 = backslash
keycode 47 = U+043C
                shift           keycode 47 = U+041C
                altgr           keycode 47 = parenleft
                shift   altgr   keycode 47 = bracketleft
keycode 48 = U+0438
                shift           keycode 48 = U+0418
                altgr           keycode 48 = parenright
                shift   altgr   keycode 48 = bracketright
keycode 49 = U+0442
                shift           keycode 49 = U+0422
                altgr           keycode 49 = quotedbl
                shift   altgr   keycode 49 = braceleft
keycode 50 = U+044C
                shift           keycode 50 = U+042C
                altgr           keycode 50 = apostrophe
                shift   altgr   keycode 50 = braceright
keycode 51 = U+0445
                shift           keycode 51 = U+0425 
                altgr           keycode 51 = U+044A
                shift   altgr   keycode 51 = U+042A
keycode 52 = U+0436
                shift           keycode 52 = U+0416 
                altgr           keycode 52 = comma
                shift   altgr   keycode 52 = less
keycode 57 = space
                shift           keycode 57 = Tab
                altgr           keycode 57 = at
keycode 65 = Meta_b
                shift           keycode 65 = Meta_y
                altgr           keycode 65 = Decr_Console
keycode 66 = Meta_f
                shift           keycode 66 = Meta_r
                altgr           keycode 66 = Incr_Console
keycode 100 = AltGr
keycode 103 = U+044D
                shift           keycode 103 = U+042D 
                altgr           keycode 103 = period
                shift   altgr   keycode 103 = greater
keycode 105 = U+0431
                shift           keycode 105 = U+0411
                altgr           keycode 105 = U+044E
                shift   altgr   keycode 105 = U+042E
keycode 106 = Right
                altgr           keycode 106 = Down
                shift           keycode 106 = End
                shift   altgr   keycode 106 = Scroll_Forward
keycode 108 = Left
                altgr           keycode 108 = Up
                shift           keycode 108 = Home
                shift   altgr   keycode 108 = Scroll_Backward
